e:\physicsbasedrendering\d3d11_setup\x64\debug\vc143.pdb
e:\physicsbasedrendering\d3d11_setup\x64\debug\vc143.idb
e:\physicsbasedrendering\d3d11_setup\x64\debug\objfileio.obj
e:\physicsbasedrendering\d3d11_setup\x64\debug\ms_gltfloader.obj
e:\physicsbasedrendering\d3d11_setup\x64\debug\mj_d3d11_objloader.obj
e:\physicsbasedrendering\d3d11_setup\x64\debug\bmpfileio.obj
e:\physicsbasedrendering\d3d11_setup\x64\debug\mj_d3d11_basiccam.obj
e:\physicsbasedrendering\d3d11_setup\x64\debug\mj_d3d11_collision.obj
e:\physicsbasedrendering\d3d11_setup\x64\debug\mj_d3d11_worldmap.obj
e:\physicsbasedrendering\d3d11_setup\x64\debug\mj_d3d11_unitobject.obj
e:\physicsbasedrendering\d3d11_setup\x64\debug\mj_d3d11_skeleton.obj
e:\physicsbasedrendering\d3d11_setup\x64\debug\mj_d3d11_convexhull.obj
e:\physicsbasedrendering\d3d11_setup\x64\debug\mj_d3d11_bvtree.obj
e:\physicsbasedrendering\d3d11_setup\x64\debug\mj_d3d11_simplex3d.obj
e:\physicsbasedrendering\d3d11_setup\x64\debug\mj_d3d11_shaderfile.obj
e:\physicsbasedrendering\d3d11_setup\x64\debug\mj_d3d11_mesh.obj
e:\physicsbasedrendering\d3d11_setup\x64\debug\mj_d3d11_halfedge.obj
e:\physicsbasedrendering\d3d11_setup\x64\debug\mj_d3d11_gjk.obj
e:\physicsbasedrendering\d3d11_setup\x64\debug\mj_d3d11_epa.obj
e:\physicsbasedrendering\d3d11_setup\x64\debug\mj_d3d11_character.obj
e:\physicsbasedrendering\d3d11_setup\x64\debug\mj_d3d11_characterrenderer.obj
e:\physicsbasedrendering\d3d11_setup\x64\debug\main.obj
e:\physicsbasedrendering\x64\debug\character_pixel_shader.cso
e:\physicsbasedrendering\x64\debug\character_vertex_shader.cso
e:\physicsbasedrendering\x64\debug\pixelshader.cso
e:\physicsbasedrendering\x64\debug\vertexshader.cso
e:\physicsbasedrendering\d3d11_setup\x64\debug\d3d11_setup.res
e:\physicsbasedrendering\x64\debug\d3d11_setup.pdb
e:\physicsbasedrendering\d3d11_setup\x64\debug\d3d11_setup.tlog\cl.command.1.tlog
e:\physicsbasedrendering\d3d11_setup\x64\debug\d3d11_setup.tlog\cl.read.1.tlog
e:\physicsbasedrendering\d3d11_setup\x64\debug\d3d11_setup.tlog\cl.write.1.tlog
e:\physicsbasedrendering\d3d11_setup\x64\debug\d3d11_setup.tlog\fxc.command.1.tlog
e:\physicsbasedrendering\d3d11_setup\x64\debug\d3d11_setup.tlog\fxc.read.1.tlog
e:\physicsbasedrendering\d3d11_setup\x64\debug\d3d11_setup.tlog\fxc.write.1.tlog
e:\physicsbasedrendering\d3d11_setup\x64\debug\d3d11_setup.tlog\link-cvtres.read.1.tlog
e:\physicsbasedrendering\d3d11_setup\x64\debug\d3d11_setup.tlog\link-cvtres.write.1.tlog
e:\physicsbasedrendering\d3d11_setup\x64\debug\d3d11_setup.tlog\link-rc.read.1.tlog
e:\physicsbasedrendering\d3d11_setup\x64\debug\d3d11_setup.tlog\link-rc.write.1.tlog
e:\physicsbasedrendering\d3d11_setup\x64\debug\d3d11_setup.tlog\link.command.1.tlog
e:\physicsbasedrendering\d3d11_setup\x64\debug\d3d11_setup.tlog\link.read.1.tlog
e:\physicsbasedrendering\d3d11_setup\x64\debug\d3d11_setup.tlog\link.read.2.tlog
e:\physicsbasedrendering\d3d11_setup\x64\debug\d3d11_setup.tlog\link.read.3.tlog
e:\physicsbasedrendering\d3d11_setup\x64\debug\d3d11_setup.tlog\link.read.4.tlog
e:\physicsbasedrendering\d3d11_setup\x64\debug\d3d11_setup.tlog\link.write.1.tlog
e:\physicsbasedrendering\d3d11_setup\x64\debug\d3d11_setup.tlog\rc.command.1.tlog
e:\physicsbasedrendering\d3d11_setup\x64\debug\d3d11_setup.tlog\rc.read.1.tlog
e:\physicsbasedrendering\d3d11_setup\x64\debug\d3d11_setup.tlog\rc.write.1.tlog
